..F.F........                                                            [100%]
=================================== FAILURES ===================================
___________ test_concurrent_processors_claim_event_once[two-workers] ___________

topology = 'two-workers'

    @pytest.mark.parametrize('topology', ['two-workers', 'worker-internal-endpoint'])
    async def test_concurrent_processors_claim_event_once(topology):
        procs = []
        async with AsyncClient(transport=ASGITransport(app=app), base_url='http://test') as c:
            a, ai, b, bi, bid = await notice(c, topology)
            procs.append(await worker(bi, bid))
            api_calls = []
            try:
                if topology == 'two-workers':
>                   procs.append(await worker(bi, bid))
                                 ^^^^^^^^^^^^^^^^^^^^^

<scratch>/on/review-copy/test_independent_followups.py:125: 
_ _ _ _ _ _ _ _ _ _ _ _ _ _ _ _ _ _ _ _ _ _ _ _ _ _ _ _ _ _ _ _ _ _ _ _ _ _ _ _ 

bi = 'd4ad9efb-43b3-47b1-8325-490cf9dfc38c'
bid = 'c3b46442-df72-4e7d-936f-6fb04ca5beda'

    async def worker(bi, bid):
        p = await asyncio.create_subprocess_exec(sys.executable, 'tests_integration/notification_worker_barrier.py', 'after-lock', bi, bid, stdin=asyncio.subprocess.PIPE, stdout=asyncio.subprocess.PIPE, stderr=asyncio.subprocess.PIPE)
        first = await asyncio.wait_for(p.stdout.readline(), 10)
>       assert first.strip() == b'BARRIER', first
E       AssertionError: b'RESULT processed=0 failed=0
E         '
E       assert b'RESULT processed=0 failed=0' == b'BARRIER'
E         
E         At index 0 diff: b'R' != b'B'
E         Use -v to get more diff

<scratch>/on/review-copy/test_independent_followups.py:104: AssertionError
______________ test_provider_success_commit_failure_is_ambiguous _______________

    async def test_provider_success_commit_failure_is_ambiguous():
        async with AsyncClient(transport=ASGITransport(app=app), base_url='http://test') as c:
            a, ai, b, bi, bid = await notice(c, 'commit-failure')
            calls = []
            async def provider(token, title, body, data):
                calls.append(data['bookingId'])
                return True
            async def broken_commit():
                raise RuntimeError('reviewer injected database commit failure after provider success')
            with patch.object(notifications, '_send_expo_push', provider):
                async with AsyncSessionLocal() as db:
                    with patch.object(db, 'commit', broken_commit):
                        with pytest.raises(RuntimeError):
                            await notifications.process_pending_notifications(db)
                    await db.rollback()
                async with AsyncSessionLocal() as db:
                    result = await notifications.process_pending_notifications(db)
            evidence('provider-success-commit-failure', dict(calls=calls, retry_processed=result.processed, ambiguity=True))
>           assert calls == [bid, bid]  # observation, not an exactly-once acceptance claim
            ^^^^^^^^^^^^^^^^^^^^^^^^^^
E           AssertionError: assert ['394d7d73-7d...45b5287c65e5'] == ['394d7d73-7d...45b5287c65e5']
E             
E             Right contains one more item: '394d7d73-7d31-4afb-ba93-45b5287c65e5'
E             Use -v to get more diff

<scratch>/on/review-copy/test_independent_followups.py:165: AssertionError
=============================== warnings summary ===============================
.venv/lib/python3.12/site-packages/passlib/utils/__init__.py:854
  <worktree>/apps/api/.venv/lib/python3.12/site-packages/passlib/utils/__init__.py:854: DeprecationWarning: 'crypt' is deprecated and slated for removal in Python 3.13
    from crypt import crypt as _crypt

::test_event_times_follow_one_clock[-120]
::test_event_times_follow_one_clock[120]
  <worktree>/apps/api/app/routers/events.py:78: DeprecationWarning: 'HTTP_422_UNPROCESSABLE_ENTITY' is deprecated. Use 'HTTP_422_UNPROCESSABLE_CONTENT' instead.
    return await events_service.join_event(db, event_id, current_user.id)

::test_broadcast_total_bound_does_not_scale_per_socket
  <worktree>/apps/api/.venv/lib/python3.12/site-packages/_pytest/unraisableexception.py:67: PytestUnraisableExceptionWarning: Exception ignored in: <function BaseSubprocessTransport.__del__ at 0x1082d5120>
  
  Traceback (most recent call last):
    File "/opt/homebrew/Cellar/python@3.12/3.12.14/Frameworks/Python.framework/Versions/3.12/lib/python3.12/asyncio/base_subprocess.py", line 126, in __del__
      self.close()
    File "/opt/homebrew/Cellar/python@3.12/3.12.14/Frameworks/Python.framework/Versions/3.12/lib/python3.12/asyncio/base_subprocess.py", line 104, in close
      proto.pipe.close()
    File "/opt/homebrew/Cellar/python@3.12/3.12.14/Frameworks/Python.framework/Versions/3.12/lib/python3.12/asyncio/unix_events.py", line 767, in close
      self.write_eof()
    File "/opt/homebrew/Cellar/python@3.12/3.12.14/Frameworks/Python.framework/Versions/3.12/lib/python3.12/asyncio/unix_events.py", line 753, in write_eof
      self._loop.call_soon(self._call_connection_lost, None)
    File "/opt/homebrew/Cellar/python@3.12/3.12.14/Frameworks/Python.framework/Versions/3.12/lib/python3.12/asyncio/base_events.py", line 799, in call_soon
      self._check_closed()
    File "/opt/homebrew/Cellar/python@3.12/3.12.14/Frameworks/Python.framework/Versions/3.12/lib/python3.12/asyncio/base_events.py", line 545, in _check_closed
      raise RuntimeError('Event loop is closed')
  RuntimeError: Event loop is closed
  
  Enable tracemalloc to get traceback where the object was allocated.
  See https://docs.pytest.org/en/stable/how-to/capture-warnings.html#resource-warnings for more info.
    warnings.warn(pytest.PytestUnraisableExceptionWarning(msg))

::test_real_disconnect_releases_admission_lock_and_block_first_drops_stored_effect
  <worktree>/apps/api/.venv/lib/python3.12/site-packages/websockets/legacy/__init__.py:6: DeprecationWarning: websockets.legacy is deprecated; see https://websockets.readthedocs.io/en/stable/howto/upgrade.html for upgrade instructions
    warnings.warn(  # deprecated in 14.0 - 2024-11-09

::test_real_disconnect_releases_admission_lock_and_block_first_drops_stored_effect
  <worktree>/apps/api/.venv/lib/python3.12/site-packages/uvicorn/protocols/websockets/websockets_impl.py:17: DeprecationWarning: websockets.server.WebSocketServerProtocol is deprecated
    from websockets.server import WebSocketServerProtocol

::test_real_disconnect_releases_admission_lock_and_block_first_drops_stored_effect
::test_real_disconnect_releases_admission_lock_and_block_first_drops_stored_effect
  <worktree>/apps/api/.venv/lib/python3.12/site-packages/websockets/legacy/server.py:1178: DeprecationWarning: remove second argument of ws_handler
    warnings.warn("remove second argument of ws_handler", DeprecationWarning)

-- Docs: https://docs.pytest.org/en/stable/how-to/capture-warnings.html
2 failed, 11 passed, 8 warnings in 18.58s
