FAIL ../../docs/run-golf-v2/review-evidence/cache.acceptance.test.js
  ✕ preference save must invalidate a ready compatibility feed before returning to Explore (13 ms)
  ✓ a manual forced refresh retrieves changed compatibility (control)
  ✕ pace removal must release an active strict filter so general browsing remains usable (1 ms)

  ● preference save must invalidate a ready compatibility feed before returning to Explore

    expect(jest.fn()).toHaveBeenCalledTimes(expected)

    Expected number of calls: 2
    Received number of calls: 1

      18 |   api.get.mockResolvedValueOnce({ items: [], total: 0 });
      19 |   await useExploreStore.getState().loadFeed();
    > 20 |   expect(api.get).toHaveBeenCalledTimes(2);
         |                   ^
      21 |   expect(useExploreStore.getState().feed.items).toEqual([]);
      22 | });
      23 |

      at Object.toHaveBeenCalledTimes (../../docs/run-golf-v2/review-evidence/cache.acceptance.test.js:20:19)
      at asyncGeneratorStep (../../node_modules/@babel/runtime/helpers/asyncToGenerator.js:3:17)
      at _next (../../node_modules/@babel/runtime/helpers/asyncToGenerator.js:17:9)

  ● pace removal must release an active strict filter so general browsing remains usable

    expect(received).toBe(expected) // Object.is equality

    Expected: false
    Received: true

      33 |   api.post.mockResolvedValueOnce({ id: 'own', sport: 'running', preferencesVersion: 2, runPaceMode: 'social', runPaceMinSecPerKm: null, runPaceMaxSecPerKm: null });
      34 |   await useProfileStore.getState().upsertSportProfile({ sport: 'running', level: 'intermediate', preferencesVersion: 2, runPaceMode: 'social', runPaceMinSecPerKm: null, runPaceMaxSecPerKm: null });
    > 35 |   expect(useExploreStore.getState().strictPace).toBe(false);
         |                                                 ^
      36 | });
      37 |

      at Object.toBe (../../docs/run-golf-v2/review-evidence/cache.acceptance.test.js:35:49)
      at asyncGeneratorStep (../../node_modules/@babel/runtime/helpers/asyncToGenerator.js:3:17)
      at _next (../../node_modules/@babel/runtime/helpers/asyncToGenerator.js:17:9)

Test Suites: 1 failed, 1 total
Tests:       2 failed, 1 passed, 3 total
Snapshots:   0 total
Time:        0.792 s
Ran all test suites.
