262430 Minute dragBegin
262459 Minute scroll y=131
262484 Minute scroll y=130
262510 Minute scroll y=129
262543 Minute scroll y=128
262569 Minute scroll y=127
262595 Minute scroll y=125
262622 Minute scroll y=124
262649 Minute scroll y=123
262678 Minute scroll y=122
262710 Minute scroll y=121
262737 Minute scroll y=120
262775 Minute scroll y=119
262796 Minute scroll y=118
262822 Minute scroll y=117
262850 Minute scroll y=116
262881 Minute scroll y=114
262909 Minute scroll y=113
262935 Minute scroll y=112
262963 Minute scroll y=111
262990 Minute scroll y=110
263018 Minute scroll y=109
263049 Minute scroll y=108
263076 Minute scroll y=107
263103 Minute scroll y=106
263129 Minute scroll y=105
263158 Minute scroll y=103
263187 Minute scroll y=102
263218 Minute scroll y=101
263247 Minute scroll y=100
263272 Minute scroll y=99
263300 Minute scroll y=98
263354 Minute dragEnd y=98
263354 Minute momentumBegin y=98
263358 Minute scroll y=98
263375 Minute scroll y=96
263392 Minute scroll y=94
263409 Minute scroll y=93
263425 Minute scroll y=92
263441 Minute scroll y=91
263459 Minute scroll y=91
263475 Minute scroll y=90
263491 Minute scroll y=90
263509 Minute scroll y=90
263525 Minute scroll y=89
263559 Minute scroll y=89
263608 Minute scroll y=89
263642 Minute scroll y=88
263675 Minute scroll y=88
263709 Minute momentumEnd y=88 target=null position=3
263713 Hour render selectedIndex=8 position=8 contentOffsetProp=396
263721 Minute render selectedIndex=2 position=2 contentOffsetProp=0
