223593 Minute dragBegin
223679 Minute dragEnd y=132
223679 Minute momentumBegin y=132
223691 Minute scroll y=115
223707 Minute scroll y=92
223726 Minute scroll y=73
223740 Minute scroll y=57
223757 Minute scroll y=43
223774 Minute scroll y=31
223791 Minute scroll y=21
223808 Minute scroll y=13
223824 Minute scroll y=6
223841 Minute scroll y=0
223858 Minute scroll y=-5
223874 Minute scroll y=-7
223891 Minute scroll y=-8
223908 Minute scroll y=-8
223941 Minute scroll y=-8
223957 Minute scroll y=-7
223974 Minute scroll y=-6
223991 Minute scroll y=-6
224008 Minute scroll y=-5
224024 Minute scroll y=-4
224041 Minute scroll y=-4
224057 Minute scroll y=-3
224074 Minute scroll y=-3
224090 Minute scroll y=-3
224108 Minute scroll y=-2
224141 Minute scroll y=-2
224157 Minute scroll y=-1
224174 Minute scroll y=-1
224207 Minute scroll y=-1
224275 Minute scroll y=0
224275 Minute momentumEnd y=0 target=null position=3
224277 Hour render selectedIndex=8 position=8 contentOffsetProp=396
224283 Minute render selectedIndex=0 position=0 contentOffsetProp=0
