246270 Minute dragBegin
246271 Minute scroll y=80
246807 Minute dragEnd y=80
246808 Minute momentumBegin y=80
246824 Minute scroll y=88
246842 Minute scroll y=95
246858 Minute scroll y=100
246880 Minute scroll y=105
246891 Minute scroll y=110
246908 Minute scroll y=113
246924 Minute scroll y=116
246941 Minute scroll y=119
246957 Minute scroll y=121
246975 Minute scroll y=123
246992 Minute scroll y=124
247008 Minute scroll y=126
247025 Minute scroll y=127
247041 Minute scroll y=128
247059 Minute scroll y=128
247075 Minute scroll y=129
247091 Minute scroll y=130
247108 Minute scroll y=130
247124 Minute scroll y=130
247141 Minute scroll y=131
247158 Minute scroll y=131
247174 Minute scroll y=131
247192 Minute scroll y=132
247224 Minute scroll y=132
247242 Minute momentumEnd y=132 target=null position=0
247246 Hour render selectedIndex=8 position=8 contentOffsetProp=396
247254 Minute render selectedIndex=3 position=3 contentOffsetProp=0
