{
  "db_naive_timezone": "Australia/Sydney",
  "pinned_session_timezone": "Australia/Sydney",
  "rows": [
    {
      "actual_instant": "2026-04-04T15:30:00+00:00",
      "stored_naive": "2026-04-05T02:30:00",
      "serialized": "2026-04-04T15:30:00+00:00",
      "exact": true
    },
    {
      "actual_instant": "2026-04-04T16:30:00+00:00",
      "stored_naive": "2026-04-05T02:30:00",
      "serialized": "2026-04-04T15:30:00+00:00",
      "exact": false
    }
  ],
  "distinct_stored_values": 1,
  "scope": "read-only PostgreSQL scalar conversion plus the actual AuditInstant converter; not a live INSERT"
}
