after-native-submit [] {}
chats [] {}
default-15-to-30 [{'label': 'Close start time picker', 'frame': {'y': 457, 'height': 44, 'width': 55.333343505859375, 'x': 310.6666564941406}, 'fits': True, 'minimum_target': True}] {'hour': {'label': 'Set hour 11', 'center': 668.0, 'band_center': 668.0, 'distance': 0.0}, 'minute': {'label': 'Set minute 30', 'center': 668.0, 'band_center': 668.0, 'distance': 0.0}}
default-45-to-30 [{'label': 'Close start time picker', 'frame': {'x': 310.6666564941406, 'width': 55.333343505859375, 'y': 457, 'height': 44}, 'fits': True, 'minimum_target': True}] {'hour': {'label': 'Set hour 11', 'center': 668.0, 'band_center': 668.0, 'distance': 0.0}, 'minute': {'label': 'Set minute 30', 'center': 668.0, 'band_center': 668.0, 'distance': 0.0}}
default-after-swipe [{'label': 'Close start time picker', 'frame': {'y': 457, 'height': 44, 'x': 310.6666564941406, 'width': 55.333343505859375}, 'fits': True, 'minimum_target': True}] {'hour': {'label': 'Set hour 11', 'center': 668.0, 'band_center': 668.0, 'distance': 0.0}, 'minute': {'label': 'Set minute 30', 'center': 668.0, 'band_center': 668.0, 'distance': 0.0}}
default-before-15-to-30 [{'label': 'Close start time picker', 'frame': {'x': 310.6666564941406, 'width': 55.333343505859375, 'y': 457, 'height': 44}, 'fits': True, 'minimum_target': True}] {'hour': {'label': 'Set hour 11', 'center': 668.0, 'band_center': 668.0, 'distance': 0.0}, 'minute': {'label': 'Set minute 15', 'center': 668.0, 'band_center': 668.0, 'distance': 0.0}}
default-end-picker [{'label': 'Close end time picker', 'frame': {'height': 44, 'width': 55.333343505859375, 'x': 310.6666564941406, 'y': 457}, 'fits': True, 'minimum_target': True}] {'hour': {'label': 'Set hour 12', 'center': 668.0, 'band_center': 668.0, 'distance': 0.0}, 'minute': {'label': 'Set minute 30', 'center': 668.0, 'band_center': 668.0, 'distance': 0.0}}
default-reopened-start [{'label': 'Close start time picker', 'frame': {'y': 457, 'x': 310.6666564941406, 'width': 55.333343505859375, 'height': 44}, 'fits': True, 'minimum_target': True}] {'hour': {'label': 'Set hour 11', 'center': 668.0, 'band_center': 668.0, 'distance': 0.0}, 'minute': {'label': 'Set minute 30', 'center': 668.0, 'band_center': 668.0, 'distance': 0.0}}
default-start-picker [{'label': 'Close start time picker', 'frame': {'x': 310.6666564941406, 'y': 457, 'width': 55.333343505859375, 'height': 44}, 'fits': True, 'minimum_target': True}] {'hour': {'label': 'Set hour 09', 'center': 668.0, 'band_center': 668.0, 'distance': 0.0}, 'minute': {'label': 'Set minute 00', 'center': 668.0, 'band_center': 668.0, 'distance': 0.0}}
default-swipe-form [] {}
default-swipe-settled [{'label': 'Close start time picker', 'frame': {'y': 457, 'height': 44, 'x': 310.6666564941406, 'width': 55.333343505859375}, 'fits': True, 'minimum_target': True}] {'hour': {'label': 'Set hour 11', 'center': 668.0, 'band_center': 668.0, 'distance': 0.0}, 'minute': {'label': 'Set minute 45', 'center': 668.0, 'band_center': 668.0, 'distance': 0.0}}
final-form-before-send [] {}
form-send-button [] {}
fresh-default-form [] {}
max-15-to-30 [{'label': 'Close start time picker', 'frame': {'x': 215, 'y': 310.6666717529297, 'width': 151, 'height': 79.66668701171875}, 'fits': True, 'minimum_target': True}] {'hour': {'label': 'Set hour 11', 'center': 557.3333435058594, 'band_center': 557.3333435058594, 'distance': 0.0}, 'minute': {'label': 'Set minute 30', 'center': 557.3333435058594, 'band_center': 557.3333435058594, 'distance': 0.0}}
max-45-to-30 [{'label': 'Close start time picker', 'frame': {'x': 215, 'width': 151, 'height': 79.66668701171875, 'y': 310.6666717529297}, 'fits': True, 'minimum_target': True}] {'hour': {'label': 'Set hour 11', 'center': 557.3333435058594, 'band_center': 557.3333435058594, 'distance': 0.0}, 'minute': {'label': 'Set minute 30', 'center': 557.3333435058594, 'band_center': 557.3333435058594, 'distance': 0.0}}
max-after-swipe [{'label': 'Close start time picker', 'frame': {'x': 215, 'y': 310.6666717529297, 'width': 151, 'height': 79.66668701171875}, 'fits': True, 'minimum_target': True}] {'hour': {'label': 'Set hour 11', 'center': 557.3333435058594, 'band_center': 557.3333435058594, 'distance': 0.0}, 'minute': {'label': 'Set minute 45', 'center': 557.3333435058594, 'band_center': 557.3333435058594, 'distance': 0.0}}
max-end-picker [{'label': 'Close end time picker', 'frame': {'y': 310.6666717529297, 'x': 215, 'height': 79.66668701171875, 'width': 151}, 'fits': True, 'minimum_target': True}] {'hour': {'label': 'Set hour 12', 'center': 557.3333435058594, 'band_center': 557.3333435058594, 'distance': 0.0}, 'minute': {'label': 'Set minute 30', 'center': 557.3333435058594, 'band_center': 557.3333435058594, 'distance': 0.0}}
max-form-start [] {}
max-reopened-start [{'label': 'Close start time picker', 'frame': {'y': 310.6666717529297, 'x': 215, 'height': 79.66668701171875, 'width': 151}, 'fits': True, 'minimum_target': True}] {'hour': {'label': 'Set hour 11', 'center': 557.3333435058594, 'band_center': 557.3333435058594, 'distance': 0.0}, 'minute': {'label': 'Set minute 30', 'center': 557.3333435058594, 'band_center': 557.3333435058594, 'distance': 0.0}}
max-start-picker [{'label': 'Close start time picker', 'frame': {'width': 151, 'height': 79.66668701171875, 'x': 215, 'y': 310.6666717529297}, 'fits': True, 'minimum_target': True}] {'hour': {'label': 'Set hour 11', 'center': 557.3333435058594, 'band_center': 557.3333435058594, 'distance': 0.0}, 'minute': {'label': 'Set minute 45', 'center': 557.3333435058594, 'band_center': 557.3333435058594, 'distance': 0.0}}
Native frame and centered-minute checks PASS
