[qa] starting PostgreSQL and Redis (project sg-morning-review-20261004)
 Network sg-morning-review-20261004_default Creating
 Network sg-morning-review-20261004_default Created
 Volume sg-morning-review-20261004_pgdata Creating
 Volume sg-morning-review-20261004_pgdata Created
 Container sg-morning-review-20261004-postgres-1 Creating
 Container sg-morning-review-20261004-redis-1 Creating
 Container sg-morning-review-20261004-redis-1 Created
 Container sg-morning-review-20261004-postgres-1 Created
 Container sg-morning-review-20261004-redis-1 Starting
 Container sg-morning-review-20261004-postgres-1 Starting
 Container sg-morning-review-20261004-postgres-1 Started
 Container sg-morning-review-20261004-redis-1 Started
 Container sg-morning-review-20261004-redis-1 Waiting
 Container sg-morning-review-20261004-postgres-1 Waiting
 Container sg-morning-review-20261004-redis-1 Healthy
 Container sg-morning-review-20261004-postgres-1 Healthy
[qa] database sportsgang_qa at migration 0016 (head)
[qa] seeding demo fixtures (idempotent; a first run waits out the real register/login rate limits)
warning: The `tool.uv.dev-dependencies` field (used in `pyproject.toml`) is deprecated and will be removed in a future release; use `dependency-groups.dev` instead
  registered qa.alice@example.com
  registered qa.bob@example.com
  registered qa.cara@example.com
  rate limited on /auth/register; waiting 21s (limits stay enabled)
  rate limited on /auth/register; waiting 21s (limits stay enabled)
  rate limited on /auth/register; waiting 21s (limits stay enabled)
  registered qa.dan@example.com
  registered qa.fern@example.com
  registered qa.eve@example.com
  rate limited on /auth/register; waiting 21s (limits stay enabled)
  rate limited on /auth/register; waiting 21s (limits stay enabled)
  rate limited on /auth/register; waiting 21s (limits stay enabled)
  registered qa.newbie@example.com
  registered qa.mod@example.com
  created match QA Alice ↔ QA Bob
  created pending booking (Bob → Alice)
  created confirmed booking (Alice ↔ Bob)
  created session QA Bondi sunrise 5k
  created session QA Moore Park 9
  created session QA Full Centennial 10k
  created session QA Cancelled Sunday run
  created session QA Extra run 01
  created session QA Extra run 02
  created session QA Extra run 03
  created session QA Extra run 04
  created session QA Extra run 05
  created session QA Extra run 06
  created session QA Extra run 07
  created session QA Extra run 08
  created session QA Extra run 09
  created session QA Extra run 10
  created session QA Extra run 11
  created session QA Extra run 12
  created session QA Extra run 13
  created session QA Extra run 14
  created session QA Extra run 15
  created session QA Extra run 16
  created session QA Extra run 17
  created session QA Extra run 18
  created session QA Extra run 19
  created session QA Extra run 20
  created session QA Extra run 21
  created session QA Extra run 22
{"accounts": 8, "match": "d8035e8c-674a-43db-95c5-bf5c7b81b0a8", "sessions": 26, "history_sessions_added": 55, "history_bookings_added": 55}
[qa] Metro up on port 8252 (pid 27838)
[qa] worktree /private/tmp/sportsgang-morning-acceptance-20261004
[qa] HEAD 8b34bca78adc
[qa] api: started from 8b34bca78adc; apps/api unchanged since, so it serves that code
[qa] metro: started from 8b34bca78adc; apps/mobile, packages unchanged since, so it serves that code
   OK  ownership    project sg-morning-review-20261004 owned by this worktree (adopted 2026-10-04T04:32:56+00:00)
   OK  containers   sg-morning-review-20261004 postgres + redis
   OK  api          running: pid 24917 identity verified; http://127.0.0.1:8152 health=200
   OK  auth read    QA Alice signed in; 55 past sessions in her My Plans
   OK  metro        running: pid 27838 identity verified; port 8252 (simulator mode)
   OK  app API URL  served http://127.0.0.1:8152 (expected http://127.0.0.1:8152)
   fixtures     {'qa_users': 8, 'qa_sessions': 81, 'qa_bookings': 57, 'qa_history_sessions': 55, 'migration': '0016'}
   app URL      exp://127.0.0.1:8252
   credentials  /private/tmp/sportsgang-morning-acceptance-20261004/.qa/credentials.json
   manifest     /private/tmp/sportsgang-morning-acceptance-20261004/.qa/manifest.json
   logs         /private/tmp/sportsgang-morning-acceptance-20261004/.qa/logs
