SportsGang release preflight (local, read-only)
result: CONSISTENT_WITH_MISSING_INPUTS

== 1. Public URL configuration (mobile build) ==
EXPO_PUBLIC_PRIVACY_URL
  read at: apps/mobile/src/lib/legal.ts:3
  in app.config.js: no
  in eas.json build profiles: development=no, preview=no, production=no
  documented: https://example.test/privacy/  (.env.example:3)
  documented: https://example.test/privacy/  (apps/mobile/.env.example:3)
  documented: https://example.test/privacy/  (docs/release/APP_STORE_METADATA.md:14)
  documented: https://example.test/privacy/  (apps/web/src/lib/links.ts:3)
  documented values agree: yes
  this process: unset
EXPO_PUBLIC_TERMS_URL
  read at: apps/mobile/src/lib/legal.ts:5
  in app.config.js: no
  in eas.json build profiles: development=no, preview=no, production=no
  documented: https://example.test/terms/  (.env.example:4)
  documented: https://example.test/terms/  (apps/mobile/.env.example:4)
  documented: https://example.test/terms/  (docs/release/APP_STORE_METADATA.md:15)
  documented: https://example.test/terms/  (apps/web/src/lib/links.ts:4)
  documented values agree: yes
  this process: unset
EXPO_PUBLIC_SUPPORT_URL
  read at: apps/mobile/src/lib/legal.ts:7
  in app.config.js: no
  in eas.json build profiles: development=no, preview=no, production=no
  documented: https://example.test/support/  (.env.example:5)
  documented: https://example.test/support/  (apps/mobile/.env.example:5)
  documented: https://example.test/support/  (docs/release/APP_STORE_METADATA.md:16)
  documented: https://example.test/support/  (apps/web/src/lib/links.ts:5)
  documented values agree: yes
  this process: unset
EXPO_PUBLIC_API_URL
  read at: apps/mobile/app.config.js:13
  in app.config.js: yes
  in eas.json build profiles: development=yes, preview=yes, production=yes
  store profiles https: {'preview': True, 'production': True}  (value not printed)
  this process: unset  (value not printed)
local .env files Expo would auto-load: none (contents never read)
unset behaviour (apps/mobile/src/lib/legal.ts): unset or non-http URL -> openLegal() shows the Alert below instead of opening a link; no hard-coded fallback URL. LEGAL_LINKS_CONFIGURED is true only when privacy and terms are both set.
  apps/mobile/src/lib/legal.ts:11: `${label} not available`,
  apps/mobile/src/lib/legal.ts:12: 'This link is not available yet. Please contact support.'

== 2. App identity (as committed) ==
  name: FixtureApp
  slug: fixture
  version: 2.3.4
  ios_bundle_identifier: test.fixture.app
  ios_build_number: 7
  android_package: test.fixture.app
  runtime_version: None
  owner: None
  eas_project_id: 00000000-0000-4000-8000-000000000000
  has_updates_block: False
  eas.cli_version: >= 12.0.0
  eas.app_version_source: remote
  eas.production_auto_increment: True
  eas.submit_production_ios_asc_app_id: 123456789
  eas.submit_production_ios_apple_team_id: TEAMID0000
  eas.build_profiles: ['development', 'preview', 'production']
  app.json static keys: []
  documented bundle_identifier: test.fixture.app  (docs/release/APP_STORE_METADATA.md)
  documented app_store_url_id: 123456789  (apps/web/src/lib/links.ts)
  note: eas.json cli.appVersionSource is 'remote' (production autoIncrement=True): the store build number is kept by EAS, so ios.buildNumber='7' in app.config.js is not what a store build carries — not verifiable locally
  note: no runtimeVersion / updates block committed (no OTA channel configured)
  note: app.config.js has no 'owner'; the EAS project is identified only by extra.eas.projectId

== 3. Locked dependencies and build commands ==
  npm ci   (repository root; workspaces apps/* and packages/*)
    package-lock.json sha256 e988d165ed446b4c8ea31ec5eb8363e362dabcbb193837e5889e26a125d778ea (lockfileVersion 3)
    expo 54.0.34 (SDK 54; declared ^54.0.34), react-native 0.81.5, react 19.1.0
    node: react-native engines >= 20.19.4; CI node-version ['20']; on PATH v26.7.0 (informational: the declared engine/CI version is what counts, not the PATH default)
  uv sync --frozen   (apps/api; CI adds --dev, the Dockerfile uses --no-dev --no-install-project)
    uv.lock sha256 36676ffeed4b9c70a4735cc427984f783c21d94a683b6f6e98e0b195480dbb32
    requires-python >=3.12 (lock >=3.12); .python-version 3.12
  iOS JS export: cd apps/mobile && CI=1 EXPO_OFFLINE=1 EXPO_NO_TELEMETRY=1 npx --no-install expo export --platform ios --output-dir <dir>

== 4. Source identity ==
  not a git repository (or git unavailable)

== 5. Missing release inputs ==
  - EXPO_PUBLIC_PRIVACY_URL: not recorded in committed build config (eas.json build profiles ['preview', 'production']); a store build gets it only from EAS remote environment variables or the build machine — not verifiable locally
  - EXPO_PUBLIC_TERMS_URL: not recorded in committed build config (eas.json build profiles ['preview', 'production']); a store build gets it only from EAS remote environment variables or the build machine — not verifiable locally
  - EXPO_PUBLIC_SUPPORT_URL: not recorded in committed build config (eas.json build profiles ['preview', 'production']); a store build gets it only from EAS remote environment variables or the build machine — not verifiable locally
  - iOS signing certificate / provisioning profile and APNs key: EAS-managed (no credentials.json committed) — not verifiable locally
  - store build number: kept remotely by EAS (appVersionSource=remote) — not verifiable locally

== Gates that cannot be satisfied locally ==
  - Physical iPhone (and Android) test of the release build, incl. VoiceOver: NOT_RUN (needs a device; simulators and Expo Go are not the release binary)
  - Signed store build (EAS) and TestFlight / App Store submission: NOT_RUN (signing credentials are EAS-managed; a store build runs on EAS, not locally)
  - Real Expo push service / APNs delivery to a device: NOT_RUN (needs the real provider, APNs capability and a device push token)
  - Production audit-timestamp provenance (R6): OPEN / NOT_RUN (production database, authorised operator only: docs/run-golf-v2/morning-fixes/R6_C01_DEPLOYMENT_GATE.md §3)
  - Deployed API is exactly one process/machine serving WebSockets: PENDING / NOT_RUN (live Fly topology, authorised operator only: docs/run-golf-v2/overnight-2026-10-05/release-preflight/TOPOLOGY_OPERATOR_CHECK.md)

== Inconsistencies (exit 1 if any) ==
  - none
