warning: The `tool.uv.dev-dependencies` field (used in `pyproject.toml`) is deprecated and will be removed in a future release; use `dependency-groups.dev` instead
Using CPython 3.12.8 interpreter at: /Library/Frameworks/Python.framework/Versions/3.12/bin/python3.12
Creating virtual environment at: .venv
   Building protin-api @ file:///private/tmp/sportsgang-independent-review-20261005/apps/api
      Built protin-api @ file:///private/tmp/sportsgang-independent-review-20261005/apps/api
Prepared 1 package in 573ms
Installed 52 packages in 47ms
 + aiosqlite==0.22.1
 + alembic==1.18.4
 + annotated-doc==0.0.4
 + annotated-types==0.7.0
 + anyio==4.13.0
 + asyncpg==0.31.0
 + bcrypt==3.2.2
 + certifi==2026.2.25
 + cffi==2.0.0
 + click==8.3.2
 + cryptography==43.0.3
 + deprecated==1.3.1
 + dnspython==2.8.0
 + email-validator==2.3.0
 + fastapi==0.135.3
 + greenlet==3.4.0
 + h11==0.16.0
 + httpcore==1.0.9
 + httptools==0.7.1
 + httpx==0.28.1
 + idna==3.11
 + iniconfig==2.3.0
 + limits==5.8.0
 + mako==1.3.11
 + markupsafe==3.0.3
 + packaging==26.1
 + passlib==1.7.4
 + pluggy==1.6.0
 + protin-api==0.1.0 (from file:///private/tmp/sportsgang-independent-review-20261005/apps/api)
 + pycparser==3.0
 + pydantic==2.13.1
 + pydantic-core==2.46.1
 + pydantic-settings==2.13.1
 + pygments==2.20.0
 + pyjwt==2.12.1
 + pytest==9.0.3
 + pytest-asyncio==1.3.0
 + python-dotenv==1.2.2
 + python-multipart==0.0.28
 + pyyaml==6.0.3
 + redis==5.3.1
 + ruff==0.16.3
 + slowapi==0.1.9
 + sqlalchemy==2.0.49
 + starlette==1.0.0
 + typing-extensions==4.15.0
 + typing-inspection==0.4.2
 + uvicorn==0.44.0
 + uvloop==0.22.1
 + watchfiles==1.1.1
 + websockets==16.0
 + wrapt==2.1.2
