warning: The `tool.uv.dev-dependencies` field (used in `pyproject.toml`) is deprecated and will be removed in a future release; use `dependency-groups.dev` instead
  registered qa.alice@example.com
  registered qa.bob@example.com
  registered qa.cara@example.com
  rate limited on /auth/register; waiting 21s (limits stay enabled)
  rate limited on /auth/register; waiting 21s (limits stay enabled)
  rate limited on /auth/register; waiting 21s (limits stay enabled)
  registered qa.dan@example.com
  registered qa.fern@example.com
  registered qa.eve@example.com
  rate limited on /auth/register; waiting 21s (limits stay enabled)
  rate limited on /auth/register; waiting 21s (limits stay enabled)
  rate limited on /auth/register; waiting 21s (limits stay enabled)
  registered qa.newbie@example.com
  registered qa.mod@example.com
  created match QA Alice ↔ QA Bob
  created pending booking (Bob → Alice)
  created confirmed booking (Alice ↔ Bob)
  created session QA Bondi sunrise 5k
  created session QA Moore Park 9
  created session QA Full Centennial 10k
  created session QA Cancelled Sunday run
  created session QA Extra run 01
  created session QA Extra run 02
  created session QA Extra run 03
  created session QA Extra run 04
  created session QA Extra run 05
  created session QA Extra run 06
  created session QA Extra run 07
  created session QA Extra run 08
  created session QA Extra run 09
  created session QA Extra run 10
  created session QA Extra run 11
  created session QA Extra run 12
  created session QA Extra run 13
  created session QA Extra run 14
  created session QA Extra run 15
  created session QA Extra run 16
  created session QA Extra run 17
  created session QA Extra run 18
  created session QA Extra run 19
  created session QA Extra run 20
  created session QA Extra run 21
  created session QA Extra run 22
{"accounts": 8, "match": "f3e9d040-7995-47aa-8b84-2421a9274ec1", "sessions": 26, "history_sessions_added": 55, "history_bookings_added": 55}
