warning: The `tool.uv.dev-dependencies` field (used in `pyproject.toml`) is deprecated and will be removed in a future release; use `dependency-groups.dev` instead
FF..                                                                     [100%]
=================================== FAILURES ===================================
_ test_membership_times_follow_the_database_clock_under_host_skew[host-behind] _

skew = -120

    @pytest.mark.parametrize("skew", [-120, 120], ids=["host-behind", "host-ahead"])
    async def test_membership_times_follow_the_database_clock_under_host_skew(skew: int) -> None:
        async with AsyncClient(transport=ASGITransport(app=app), base_url="http://test") as client:
            host = await _register(client, "clock-host")
            guest = await _register(client, "clock-guest")
            third = await _register(client, "clock-third")
            guest_id = await _me(client, guest)
            created = await client.post("/events", json=_run_session(capacity=2), headers=host)
            assert created.status_code == 201, created.text
            event_id = created.json()["id"]
            assert (await client.post(f"/events/{event_id}/join", headers=guest)).status_code == 200
            first = await _participant(event_id, guest_id)
    
            class Skewed(datetime):
                @classmethod
                def now(cls, tz=None):
                    return datetime.now(tz) + timedelta(seconds=skew)
    
            with patch.object(events_service, "datetime", Skewed):  # the API host's clock only
                assert (await client.post(f"/events/{event_id}/leave", headers=guest)).status_code == 200
                left = await _participant(event_id, guest_id)
                assert (await client.post(f"/events/{event_id}/join", headers=guest)).status_code == 200
                rejoined = await _participant(event_id, guest_id)
                db_now = await _db_now()
                full = await client.post(f"/events/{event_id}/join", headers=third)
    
>           assert first["joined_at"] <= left["left_at"] <= rejoined["joined_at"] <= db_now
E           assert datetime.datetime(2026, 10, 4, 12, 30, 30, 905149, tzinfo=datetime.timezone.utc) <= datetime.datetime(2026, 10, 4, 12, 28, 30, 944573, tzinfo=datetime.timezone.utc)

tests_integration/test_event_clock.py:96: AssertionError
_ test_membership_times_follow_the_database_clock_under_host_skew[host-ahead] __

skew = 120

    @pytest.mark.parametrize("skew", [-120, 120], ids=["host-behind", "host-ahead"])
    async def test_membership_times_follow_the_database_clock_under_host_skew(skew: int) -> None:
        async with AsyncClient(transport=ASGITransport(app=app), base_url="http://test") as client:
            host = await _register(client, "clock-host")
            guest = await _register(client, "clock-guest")
            third = await _register(client, "clock-third")
            guest_id = await _me(client, guest)
            created = await client.post("/events", json=_run_session(capacity=2), headers=host)
            assert created.status_code == 201, created.text
            event_id = created.json()["id"]
            assert (await client.post(f"/events/{event_id}/join", headers=guest)).status_code == 200
            first = await _participant(event_id, guest_id)
    
            class Skewed(datetime):
                @classmethod
                def now(cls, tz=None):
                    return datetime.now(tz) + timedelta(seconds=skew)
    
            with patch.object(events_service, "datetime", Skewed):  # the API host's clock only
                assert (await client.post(f"/events/{event_id}/leave", headers=guest)).status_code == 200
                left = await _participant(event_id, guest_id)
                assert (await client.post(f"/events/{event_id}/join", headers=guest)).status_code == 200
                rejoined = await _participant(event_id, guest_id)
                db_now = await _db_now()
                full = await client.post(f"/events/{event_id}/join", headers=third)
    
>           assert first["joined_at"] <= left["left_at"] <= rejoined["joined_at"] <= db_now
E           assert datetime.datetime(2026, 10, 4, 12, 32, 31, 598023, tzinfo=datetime.timezone.utc) <= datetime.datetime(2026, 10, 4, 12, 30, 31, 604486, tzinfo=datetime.timezone.utc)

tests_integration/test_event_clock.py:96: AssertionError
=============================== warnings summary ===============================
.venv/lib/python3.12/site-packages/passlib/utils/__init__.py:854
  <scratch>/rc/base-8b34bca/apps/api/.venv/lib/python3.12/site-packages/passlib/utils/__init__.py:854: DeprecationWarning: 'crypt' is deprecated and slated for removal in Python 3.13
    from crypt import crypt as _crypt

tests_integration/test_event_clock.py::test_membership_times_follow_the_database_clock_under_host_skew[host-behind]
tests_integration/test_event_clock.py::test_membership_times_follow_the_database_clock_under_host_skew[host-ahead]
  <scratch>/rc/base-8b34bca/apps/api/app/routers/events.py:78: DeprecationWarning: 'HTTP_422_UNPROCESSABLE_ENTITY' is deprecated. Use 'HTTP_422_UNPROCESSABLE_CONTENT' instead.
    return await events_service.join_event(db, event_id, current_user.id)

-- Docs: https://docs.pytest.org/en/stable/how-to/capture-warnings.html
=========================== short test summary info ============================
FAILED tests_integration/test_event_clock.py::test_membership_times_follow_the_database_clock_under_host_skew[host-behind]
FAILED tests_integration/test_event_clock.py::test_membership_times_follow_the_database_clock_under_host_skew[host-ahead]
2 failed, 2 passed, 3 warnings in 3.20s
