test_cleanup_failure_is_reported_and_not_escalated (scripts.qa.test_qa.ComposeLifecycleTests.test_cleanup_failure_is_reported_and_not_escalated) ... skipped 'set QA_TEST_DOCKER=1 to run disposable Compose lifecycle tests'
test_conflicting_instance_cannot_control_a_running_stack (scripts.qa.test_qa.ComposeLifecycleTests.test_conflicting_instance_cannot_control_a_running_stack) ... skipped 'set QA_TEST_DOCKER=1 to run disposable Compose lifecycle tests'
test_existing_unrecorded_stack_is_adopted_by_its_own_config_only (scripts.qa.test_qa.ComposeLifecycleTests.test_existing_unrecorded_stack_is_adopted_by_its_own_config_only) ... skipped 'set QA_TEST_DOCKER=1 to run disposable Compose lifecycle tests'
test_failed_startup_stops_only_what_it_started (scripts.qa.test_qa.ComposeLifecycleTests.test_failed_startup_stops_only_what_it_started) ... skipped 'set QA_TEST_DOCKER=1 to run disposable Compose lifecycle tests'
test_occupied_port_moves_and_the_listener_survives (scripts.qa.test_qa.ComposeLifecycleTests.test_occupied_port_moves_and_the_listener_survives) ... skipped 'set QA_TEST_DOCKER=1 to run disposable Compose lifecycle tests'
test_previous_launcher_stack_is_adopted_without_a_restart (scripts.qa.test_qa.ComposeLifecycleTests.test_previous_launcher_stack_is_adopted_without_a_restart) ... skipped 'set QA_TEST_DOCKER=1 to run disposable Compose lifecycle tests'
test_up_restart_down_reset_on_a_disposable_project (scripts.qa.test_qa.ComposeLifecycleTests.test_up_restart_down_reset_on_a_disposable_project) ... skipped 'set QA_TEST_DOCKER=1 to run disposable Compose lifecycle tests'
test_concurrent_command_on_the_same_project_is_refused (scripts.qa.test_qa.OwnershipTests.test_concurrent_command_on_the_same_project_is_refused) ... ok
test_down_with_a_foreign_record_stops_nothing (scripts.qa.test_qa.OwnershipTests.test_down_with_a_foreign_record_stops_nothing) ... [qa] created project qa-test-d709b8ee for this worktree (/private/var/folders/55/tmvqlq7s0zbfb7z81wqhmdmr0000gn/T/qa-test-iw9a2jns/owners/qa-test-d709b8ee.json)
ok
test_regenerated_config_is_refused (scripts.qa.test_qa.OwnershipTests.test_regenerated_config_is_refused) ... [qa] created project qa-test-a39d8f48 for this worktree (/private/var/folders/55/tmvqlq7s0zbfb7z81wqhmdmr0000gn/T/qa-test-ju3hsw74/owners/qa-test-a39d8f48.json)
ok
test_second_worktree_cannot_claim_or_control_the_project (scripts.qa.test_qa.OwnershipTests.test_second_worktree_cannot_claim_or_control_the_project) ... [qa] created project qa-test-0432a288 for this worktree (/private/var/folders/55/tmvqlq7s0zbfb7z81wqhmdmr0000gn/T/qa-test-_1urrbs3/owners/qa-test-0432a288.json)
ok
test_unrecorded_containers_are_adopted_only_with_this_config (scripts.qa.test_qa.OwnershipTests.test_unrecorded_containers_are_adopted_only_with_this_config) ... [qa] adopted project qa-test-17a97086 for this worktree (/private/var/folders/55/tmvqlq7s0zbfb7z81wqhmdmr0000gn/T/qa-test-_15i7zt0/owners/qa-test-17a97086.json)
ok
test_volume_without_owner_or_containers_is_refused (scripts.qa.test_qa.OwnershipTests.test_volume_without_owner_or_containers_is_refused) ... ok
test_group_that_ignores_sigterm_is_killed_only_after_verification (scripts.qa.test_qa.ProcessIdentityTests.test_group_that_ignores_sigterm_is_killed_only_after_verification) ... [qa] killed api (pid 90042) after it ignored SIGTERM
ok
test_legacy_record_is_adopted_only_when_every_fact_matches (scripts.qa.test_qa.ProcessIdentityTests.test_legacy_record_is_adopted_only_when_every_fact_matches) ... [qa] adopted running api pid 90927 (identity verified, record upgraded)
ok
test_port_marker_and_prefix_collisions_are_refused (scripts.qa.test_qa.ProcessIdentityTests.test_port_marker_and_prefix_collisions_are_refused) ... ok
test_process_outside_its_own_group_is_refused (scripts.qa.test_qa.ProcessIdentityTests.test_process_outside_its_own_group_is_refused) ... ok
test_reused_pid_with_another_start_time_is_never_signalled (scripts.qa.test_qa.ProcessIdentityTests.test_reused_pid_with_another_start_time_is_never_signalled) ... ok
test_verified_group_is_stopped_with_its_children (scripts.qa.test_qa.ProcessIdentityTests.test_verified_group_is_stopped_with_its_children) ... [qa] stopped api (pid 91085)
ok
test_wrong_cwd_is_refused (scripts.qa.test_qa.ProcessIdentityTests.test_wrong_cwd_is_refused) ... ok

----------------------------------------------------------------------
Ran 20 tests in 16.125s

OK (skipped=7)
